[medicare.bold-themes.com/clinic.html]
[backblue.gif]
[fade.gif]
[index.html]
[medicare.bold-themes.com/clinic/wp-includes/css/dist/block-library/style.min4d2c.css]
[medicare.bold-themes.com/clinic/wp-content/plugins/woocommerce/packages/woocommerce-blocks/build/stylea1ec.css]
[fonts.googleapis.com/index.html]
[medicare.bold-themes.com/clinic/feed/index.html]
[medicare.bold-themes.com/clinic/wp-content/plugins/contact-form-7/includes/css/styles58e0.css]
[medicare.bold-themes.com/clinic/comments/feed/index.html]
[medicare.bold-themes.com/clinic/sample-page/feed/index.html]
[medicare.bold-themes.com/clinic/wp-content/plugins/mp-timetable/media/css/style531b.css]
[medicare.bold-themes.com/clinic/wp-content/themes/medicare/print4d2c.css]
[medicare.bold-themes.com/clinic/wp-content/themes/medicare/magnific-popup4d2c.css]
[medicare.bold-themes.com/clinic/wp-content/themes/medicare/style4d2c.css]
[medicare.bold-themes.com/clinic/wp-content/plugins/contact-form-7/includes/js/jquery-ui/themes/smoothness/jquery-ui.mine899.css]
[medicare.bold-themes.com/clinic/wp-includes/js/jquery/jquery4a5f.js]
[medicare.bold-themes.com/clinic/wp-includes/js/jquery/jquery-migrate.min330a.js]
[medicare.bold-themes.com/clinic/wp-content/plugins/cleantalk-spam-protect/js/apbct-public.min8ad1.js]
[medicare.bold-themes.com/clinic/wp-content/plugins/cleantalk-spam-protect/js/cleantalk_nocache.min8ad1.js]
[medicare.bold-themes.com/clinic/wp-content/plugins/bold-page-builder/script_fe4d2c.js]
[medicare.bold-themes.com/clinic/wp-content/plugins/bt_cost_calculator/jquery.dd4d2c.js]
[medicare.bold-themes.com/clinic/wp-content/plugins/bt_cost_calculator/cc.main4d2c.js]
[medicare.bold-themes.com/clinic/wp-content/plugins/medicare/bt_elements4d2c.js]
[medicare.bold-themes.com/clinic/wp-content/plugins/duracelltomi-google-tag-manager/js/gtm4wp-form-move-tracker73b9.js]
[medicare.bold-themes.com/clinic/wp-content/themes/medicare/js/slick.min4d2c.js]
[medicare.bold-themes.com/clinic/wp-content/themes/medicare/js/jquery.magnific-popup.min4d2c.js]
[medicare.bold-themes.com/clinic/wp-content/themes/medicare/js/iscroll4d2c.js]
[medicare.bold-themes.com/clinic/wp-content/themes/medicare/js/fancySelect4d2c.js]
[medicare.bold-themes.com/clinic/wp-content/themes/medicare/js/html5shiv.min4d2c.js]
[medicare.bold-themes.com/clinic/wp-content/themes/medicare/js/respond.min4d2c.js]
[medicare.bold-themes.com/clinic/wp-content/themes/medicare/js/misc4d2c.js]
[medicare.bold-themes.com/clinic/wp-content/themes/medicare/js/header.misc4d2c.js]
[medicare.bold-themes.com/clinic/wp-content/themes/medicare/js/dir.hover4d2c.js]
[medicare.bold-themes.com/clinic/wp-content/themes/medicare/js/sliders4d2c.js]
[medicare.bold-themes.com/clinic/xmlrpc0db0.php]
[medicare.bold-themes.com/clinic/wp-includes/wlwmanifest.xml]
[medicare.bold-themes.com/clinic/wp-json/oembed/1.0/embed5b80.json]
[medicare.bold-themes.com/clinic/index.html]
[medicare.bold-themes.com/clinic/wp-json/index.html]
[medicare.bold-themes.com/clinic/wp-json/oembed/1.0/embed2c06]
[medicare.bold-themes.com/clinic/wp-content/uploads/sites/2/2018/03/medicare-favicon-100x100.png]
[medicare.bold-themes.com/clinic/wp-content/uploads/sites/2/2018/03/medicare-favicon.png]
[medicare.bold-themes.com/clinic/wp-content/uploads/sites/2/2018/03/medicare-logo-color.png]
[medicare.bold-themes.com/clinic/wp-content/uploads/sites/2/2018/03/medicare-logo-white.png]
[www.googletagmanager.com/ns1ca6.html]
[medicare.bold-themes.com/clinic/wp-content/uploads/sites/2/2015/12/hero-1-320x210.jpg]
[twitter.com/bold_themes.html]
[medicare.bold-themes.com/clinic/wp-content/uploads/sites/2/2015/12/hero-1.jpg]
[medicare.bold-themes.com/clinic/sample-page/horizontal-centered-menu/index.html]
[medicare.bold-themes.com/clinic/wp-content/uploads/sites/2/2015/12/shutterstock_1393269051-320x210.jpg]
[medicare.bold-themes.com/clinic/wp-content/uploads/sites/2/2015/12/shutterstock_1393269051.jpg]
[medicare.bold-themes.com/clinic/wp-content/uploads/sites/2/2015/12/devojcica-kod-zubara-320x320.jpg]
[www.pinterest.com/boldthemes/index.html]
[medicare.bold-themes.com/clinic/wp-content/uploads/sites/2/2015/12/srce-i-stetoskop-320x320.jpg]
[medicare.bold-themes.com/clinic/wp-content/uploads/sites/2/2015/12/kiroprakticar-320x320.jpg]
[medicare.bold-themes.com/clinic/sample-page/horizontal-left-menu/horizontal-left-with-hero-image/index.html]
[medicare.bold-themes.com/clinic/sample-page/horizontal-left-menu/horizontal-right-with-hero-image/index.html]
[medicare.bold-themes.com/clinic/wp-content/uploads/sites/2/2015/12/bg-doktorka.jpg]
[medicare.bold-themes.com/clinic/wp-content/uploads/sites/2/2015/12/signature.png]
[medicare.bold-themes.com/clinic/sample-page/horizontal-centered-menu/horizontal-centered-menu-with-widgets/index.html]
[medicare.bold-themes.com/clinic/wp-content/uploads/sites/2/2015/12/doktorka.png]
[medicare.bold-themes.com/clinic/sample-page/horizontal-left-menu/horizontal-left-menu-with-widgets/index.html]
[medicare.bold-themes.com/clinic/sample-page/horizontal-left-menu/index.html]
[medicare.bold-themes.com/clinic/wp-content/uploads/sites/2/2015/12/pic-team-1.jpg]
[medicare.bold-themes.com/clinic/sample-page/horizontal-left-menu/horizontal-left-below-logo/index.html]
[medicare.bold-themes.com/clinic/wp-content/uploads/sites/2/2015/12/pic-team-2.jpg]
[medicare.bold-themes.com/clinic/wp-content/uploads/sites/2/2015/12/pic-team-3.jpg]
[medicare.bold-themes.com/clinic/wp-content/uploads/sites/2/2015/12/pic-team-4.jpg]
[medicare.bold-themes.com/clinic/wp-content/uploads/sites/2/2015/12/shutterstock_288977717-640x480.jpg]
[medicare.bold-themes.com/clinic/wp-content/uploads/sites/2/2015/12/shutterstock_159016388-640x480.jpg]
[medicare.bold-themes.com/clinic/sample-page/horizontal-left-menu/horizontal-left-below-logo-with-widgets/index.html]
[medicare.bold-themes.com/clinic/sample-page/horizontal-right-menu/index.html]
[medicare.bold-themes.com/clinic/wp-content/uploads/sites/2/2015/12/shutterstock_157746134-640x480.jpg]
[medicare.bold-themes.com/clinic/sample-page/horizontal-right-menu/horizontal-right-below-logo/index.html]
[medicare.bold-themes.com/clinic/sample-page/horizontal-right-menu-with-widgets/index.html]
[medicare.bold-themes.com/clinic/wp-content/uploads/sites/2/2015/12/client-160x160.jpg]
[medicare.bold-themes.com/clinic/about-us/team/index.html]
[medicare.bold-themes.com/clinic/about-us/index.html]
[medicare.bold-themes.com/clinic/sample-page/horizontal-right-menu/horizontal-right-below-logo-with-widgets/index.html]
[medicare.bold-themes.com/clinic/wp-content/uploads/sites/2/2015/12/sign-3.png]
[medicare.bold-themes.com/clinic/wp-content/uploads/sites/2/2015/12/client-160x160.png]
[medicare.bold-themes.com/clinic/wp-content/uploads/sites/2/2015/12/sign-1.png]
[medicare.bold-themes.com/clinic/about-us/galleries/index.html]
[medicare.bold-themes.com/clinic/about-us/doctors-profile/index.html]
[medicare.bold-themes.com/clinic/wp-content/uploads/sites/2/2015/12/bear.jpg]
[medicare.bold-themes.com/clinic/wp-content/uploads/sites/2/2015/11/icon-green.png]
[medicare.bold-themes.com/clinic/about-us/working-hours/index.html]
[medicare.bold-themes.com/clinic/about-us/appointments/index.html]
[medicare.bold-themes.com/clinic/about-us/timetable/index.html]
[medicare.bold-themes.com/clinic/wp-content/uploads/sites/2/2015/12/shutterstock_159016388-160x160.jpg]
[medicare.bold-themes.com/clinic/pages/services/index.html]
[medicare.bold-themes.com/clinic/wp-content/uploads/sites/2/2015/12/shutterstock_157746134-160x160.jpg]
[medicare.bold-themes.com/clinic/about-us/contact-us/index.html]
[medicare.bold-themes.com/clinic/pages/departments/index.html]
[medicare.bold-themes.com/clinic/wp-content/uploads/sites/2/2013/06/poster_5_up.jpg]
[medicare.bold-themes.com/clinic/wp-content/uploads/sites/2/2013/06/poster_4_up.jpg]
[medicare.bold-themes.com/clinic/pages/procedures/index.html]
[medicare.bold-themes.com/clinic/pages/cost-calculator/index.html]
[medicare.bold-themes.com/clinic/about-us/before-after/index.html]
[medicare.bold-themes.com/clinic/wp-includes/js/comment-reply.min4d2c.js]
[medicare.bold-themes.com/clinic/wp-content/plugins/contact-form-7/includes/js/scripts58e0.js]
[medicare.bold-themes.com/clinic/wp-content/plugins/woocommerce/assets/js/jquery-blockui/jquery.blockUI.min44fd.js]
[medicare.bold-themes.com/clinic/pages/faq/index.html]
[medicare.bold-themes.com/clinic/pages/special-offers/index.html]
[medicare.bold-themes.com/clinic/pages/testimonials/index.html]
[medicare.bold-themes.com/clinic/blog/index.html]
[medicare.bold-themes.com/clinic/wp-content/plugins/woocommerce/assets/js/frontend/add-to-cart.minf43b.js]
[medicare.bold-themes.com/clinic/wp-content/plugins/woocommerce/assets/js/js-cookie/js.cookie.min6b25.js]
[medicare.bold-themes.com/clinic/wp-content/plugins/woocommerce/assets/js/frontend/woocommerce.minf43b.js]
[medicare.bold-themes.com/clinic/wp-content/plugins/woocommerce/assets/js/frontend/cart-fragments.minf43b.js]
[medicare.bold-themes.com/clinic/blog/blog-tiles/index.html]
[medicare.bold-themes.com/clinic/blog/blog-grid/index.html]
[medicare.bold-themes.com/clinic/shop/index.html]
[medicare.bold-themes.com/clinic/wp-includes/js/jquery/ui/core.mine899.js]
[medicare.bold-themes.com/clinic/blog/index4da3.html]
[medicare.bold-themes.com/clinic/product/bci-adult-soft-boot-sensor/index.html]
[medicare.bold-themes.com/clinic/shop/four-columns-products/index.html]
[medicare.bold-themes.com/clinic/shop/my-account/index.html]
[medicare.bold-themes.com/clinic/wp-includes/js/jquery/ui/datepicker.mine899.js]
[medicare.bold-themes.com/clinic/wp-includes/js/jquery/ui/widget.mine899.js]
[medicare.bold-themes.com/clinic/2015/10/18/grid-gallery-post/index.html]
[medicare.bold-themes.com/clinic/2015/08/08/sticky-standard-post/index.html]
[medicare.bold-themes.com/clinic/2015/09/22/carousel-gallery-post/index.html]
[medicare.bold-themes.com/clinic/wp-includes/js/jquery/ui/button.mine899.js]
[medicare.bold-themes.com/clinic/wp-includes/js/jquery/ui/spinner.mine899.js]
[medicare.bold-themes.com/clinic/product/weight-scale/index.html]
[medicare.bold-themes.com/clinic/product/chairs/index.html]
[medicare.bold-themes.com/clinic/wp-includes/js/wp-embed.min4d2c.js]
[maps.googleapis.com/maps/api/jsb6ea]
[medicare.bold-themes.com/clinic.html]
[medicare.bold-themes.com/clinic/wp-content/plugins/medicare/bt_gmap4d2c.js]
[fonts.googleapis.com/index.html]
[s.w.org/index.html]
[medicare.bold-themes.com/clinic/wp-includes/css/dist/block-library/style.min4d2c.css]
[medicare.bold-themes.com/clinic/wp-content/plugins/woocommerce/packages/woocommerce-blocks/build/stylea1ec.css]
[medicare.bold-themes.com/clinic/wp-content/plugins/contact-form-7/includes/css/styles58e0.css]
[medicare.bold-themes.com/clinic/wp-content/plugins/mp-timetable/media/css/style531b.css]
[medicare.bold-themes.com/clinic/wp-content/plugins/contact-form-7/images/ajax-loader.gif]
[medicare.bold-themes.com/clinic/wp-content/themes/medicare/fonts/fontawesome-webfont3295.eot]
[medicare.bold-themes.com/clinic/wp-content/themes/medicare/fonts/fontawesome-webfontd41d.eot]
[medicare.bold-themes.com/clinic/wp-content/themes/medicare/fonts/fontawesome-webfont3295.woff2]
[medicare.bold-themes.com/clinic/wp-content/themes/medicare/fonts/fontawesome-webfont3295.woff]
[medicare.bold-themes.com/clinic/wp-content/themes/medicare/fonts/btmedicala1a3.eot]
[medicare.bold-themes.com/clinic/wp-content/themes/medicare/fonts/fontawesome-webfont3295.svg]
[medicare.bold-themes.com/clinic/wp-content/themes/medicare/fonts/btmedicala1a3.woff]
[medicare.bold-themes.com/clinic/wp-content/themes/medicare/fonts/fontawesome-webfont3295.ttf]
[medicare.bold-themes.com/clinic/wp-content/themes/medicare/fonts/Dialogueab30.eot]
[medicare.bold-themes.com/clinic/wp-content/themes/medicare/fonts/btmedicala1a3.ttf]
[medicare.bold-themes.com/clinic/wp-content/themes/medicare/fonts/btmedicala1a3.svg]
[medicare.bold-themes.com/clinic/wp-content/themes/medicare/fonts/Dialogueab30.ttf]
[medicare.bold-themes.com/clinic/wp-content/themes/medicare/fonts/Dialogueab30.woff]
[medicare.bold-themes.com/clinic/wp-content/themes/medicare/fonts/Essential8bd9.eot]
[medicare.bold-themes.com/clinic/wp-content/themes/medicare/fonts/Dialogueab30.svg]
[medicare.bold-themes.com/clinic/wp-content/themes/medicare/fonts/Essential8bd9.woff]
[medicare.bold-themes.com/clinic/wp-content/themes/medicare/fonts/Essential8bd9.svg]
[medicare.bold-themes.com/clinic/wp-content/themes/medicare/fonts/Glasses979f.eot]
[medicare.bold-themes.com/clinic/wp-content/themes/medicare/fonts/Essential8bd9.ttf]
[medicare.bold-themes.com/clinic/wp-content/themes/medicare/fonts/Glasses979f.woff]
[medicare.bold-themes.com/clinic/wp-content/themes/medicare/fonts/Glasses979f.ttf]
[medicare.bold-themes.com/clinic/wp-content/themes/medicare/fonts/Hospitalc827.eot]
[medicare.bold-themes.com/clinic/wp-content/themes/medicare/fonts/Glasses979f.svg]
[medicare.bold-themes.com/clinic/wp-content/themes/medicare/fonts/Hospitalc827.woff]
[medicare.bold-themes.com/clinic/wp-content/themes/medicare/fonts/Hospitalc827.ttf]
[medicare.bold-themes.com/clinic/wp-content/themes/medicare/fonts/Hospital-203b9.eot]
[medicare.bold-themes.com/clinic/wp-content/themes/medicare/fonts/Hospital-203b9.woff]
[medicare.bold-themes.com/clinic/wp-content/themes/medicare/fonts/Hospitalc827.svg]
[medicare.bold-themes.com/clinic/wp-content/themes/medicare/fonts/Hospital-203b9.ttf]
[medicare.bold-themes.com/clinic/wp-content/themes/medicare/fonts/Medical9bd8.eot]
[medicare.bold-themes.com/clinic/wp-content/themes/medicare/fonts/Hospital-203b9.svg]
[medicare.bold-themes.com/clinic/wp-content/themes/medicare/fonts/Medical9bd8.woff]
[medicare.bold-themes.com/clinic/wp-content/themes/medicare/fonts/Medical-Set8cea.eot]
[medicare.bold-themes.com/clinic/wp-content/themes/medicare/fonts/Medical9bd8.svg]
[medicare.bold-themes.com/clinic/wp-content/themes/medicare/fonts/Medical9bd8.ttf]
[medicare.bold-themes.com/clinic/wp-content/themes/medicare/fonts/Medical-Set8cea.woff]
[medicare.bold-themes.com/clinic/wp-content/themes/medicare/fonts/Medical-Set8cea.svg]
[medicare.bold-themes.com/clinic/wp-content/themes/medicare/fonts/Optometry24f1.eot]
[medicare.bold-themes.com/clinic/wp-content/themes/medicare/fonts/Medical-Set8cea.ttf]
[medicare.bold-themes.com/clinic/wp-content/themes/medicare/fonts/Optometry24f1.woff]
[medicare.bold-themes.com/clinic/wp-content/themes/medicare/fonts/Optometry24f1.ttf]
[medicare.bold-themes.com/clinic/wp-content/themes/medicare/fonts/Pins-Locations6f81.eot]
[medicare.bold-themes.com/clinic/wp-content/themes/medicare/fonts/Optometry24f1.svg]
[medicare.bold-themes.com/clinic/wp-content/themes/medicare/fonts/Pins-Locations6f81.woff]
[medicare.bold-themes.com/clinic/wp-content/themes/medicare/fonts/Pins-Locations6f81.ttf]
[medicare.bold-themes.com/clinic/wp-content/themes/medicare/fonts/Teamwork5505.eot]
[medicare.bold-themes.com/clinic/wp-content/themes/medicare/fonts/Pins-Locations6f81.svg]
[medicare.bold-themes.com/clinic/wp-content/themes/medicare/fonts/Teamwork5505.woff]
[medicare.bold-themes.com/clinic/wp-content/themes/medicare/fonts/Teamwork5505.svg]
[medicare.bold-themes.com/clinic/wp-content/themes/medicare/fonts/Technology-Collection0cdb.eot]
[medicare.bold-themes.com/clinic/wp-content/themes/medicare/fonts/Teamwork5505.ttf]
[medicare.bold-themes.com/clinic/wp-content/themes/medicare/fonts/Technology-Collection0cdb.woff]
[medicare.bold-themes.com/clinic/wp-content/themes/medicare/fonts/Technology-Collection0cdb.svg]
[medicare.bold-themes.com/clinic/wp-content/themes/medicare/fonts/Technology-Collection0cdb.ttf]
[medicare.bold-themes.com/clinic/wp-content/themes/medicare/fonts/HealthCheckupsb301.eot]
[medicare.bold-themes.com/clinic/wp-content/themes/medicare/fonts/HealthCheckupsb301.ttf]
[medicare.bold-themes.com/clinic/wp-content/themes/medicare/fonts/HealthCheckupsb301.woff]
[medicare.bold-themes.com/clinic/wp-content/themes/medicare/fonts/HealthCheckupsb301.svg]
[medicare.bold-themes.com/clinic/wp-content/themes/medicare/fonts/HumanOrgansBodyc840.eot]
[medicare.bold-themes.com/clinic/wp-content/themes/medicare/fonts/HumanOrgansBodyc840.ttf]
[medicare.bold-themes.com/clinic/wp-content/themes/medicare/fonts/HumanOrgansBodyc840.woff]
[medicare.bold-themes.com/clinic/wp-content/themes/medicare/fonts/HumanOrgansBodyc840.svg]
[medicare.bold-themes.com/clinic/wp-content/themes/medicare/fonts/Medical-22fa6.eot]
[medicare.bold-themes.com/clinic/wp-content/themes/medicare/fonts/Medical-22fa6.ttf]
[medicare.bold-themes.com/clinic/wp-content/themes/medicare/fonts/Medical-22fa6.woff]
[medicare.bold-themes.com/clinic/wp-content/themes/medicare/fonts/Medical-22fa6.svg]
[medicare.bold-themes.com/clinic/wp-content/themes/medicare/fonts/XRayUltrasounda261.eot]
[medicare.bold-themes.com/clinic/wp-content/themes/medicare/fonts/XRayUltrasounda261.ttf]
[medicare.bold-themes.com/clinic/wp-content/themes/medicare/fonts/XRayUltrasounda261.woff]
[medicare.bold-themes.com/clinic/wp-content/themes/medicare/fonts/XRayUltrasounda261.svg]
[medicare.bold-themes.com/clinic/wp-content/themes/medicare/fonts/Pe-icon-7-strokebb1d.eot]
[medicare.bold-themes.com/clinic/wp-content/themes/medicare/fonts/Pe-icon-7-stroked41d.eot]
[medicare.bold-themes.com/clinic/wp-content/themes/medicare/fonts/Pe-icon-7-strokebb1d.woff]
[medicare.bold-themes.com/clinic/wp-content/themes/medicare/fonts/Pe-icon-7-strokebb1d.svg]
[medicare.bold-themes.com/clinic/wp-content/themes/medicare/gfx/nbs-angle-left.png]
[medicare.bold-themes.com/clinic/wp-content/themes/medicare/fonts/Pe-icon-7-strokebb1d.ttf]
[medicare.bold-themes.com/clinic/wp-content/themes/medicare/gfx/nbs-angle-right.png]
[medicare.bold-themes.com/clinic/wp-content/themes/medicare/gfx/demo-screen.jpg]
[medicare.bold-themes.com/clinic/wp-content/plugins/woocommerce/assets/fonts/star.eot]
[medicare.bold-themes.com/clinic/wp-content/plugins/woocommerce/assets/fonts/stard41d.eot]
[medicare.bold-themes.com/clinic/wp-content/plugins/woocommerce/assets/fonts/star.woff]
[medicare.bold-themes.com/clinic/wp-content/plugins/woocommerce/assets/fonts/star.ttf]
[medicare.bold-themes.com/clinic/wp-content/plugins/woocommerce/assets/fonts/star.svg]
[medicare.bold-themes.com/clinic/wp-content/plugins/woocommerce/assets/fonts/WooCommerce.eot]
[medicare.bold-themes.com/clinic/wp-content/plugins/woocommerce/assets/fonts/WooCommerce.woff]
[medicare.bold-themes.com/clinic/wp-content/plugins/woocommerce/assets/fonts/WooCommerced41d.eot]
[medicare.bold-themes.com/clinic/wp-content/plugins/woocommerce/assets/fonts/WooCommerce.ttf]
[medicare.bold-themes.com/clinic/wp-content/plugins/woocommerce/assets/fonts/WooCommerce.svg]
[medicare.bold-themes.com/clinic/wp-content/plugins/woocommerce/assets/images/icons/loader.svg]
[medicare.bold-themes.com/clinic/wp-content/plugins/woocommerce/assets/images/icons/credit-cards/visa.png]
[medicare.bold-themes.com/clinic/wp-content/plugins/woocommerce/assets/images/icons/credit-cards/mastercard.png]
[medicare.bold-themes.com/clinic/wp-content/plugins/woocommerce/assets/images/icons/credit-cards/laser.png]
[medicare.bold-themes.com/clinic/wp-content/plugins/woocommerce/assets/images/icons/credit-cards/diners.png]
[medicare.bold-themes.com/clinic/wp-content/plugins/woocommerce/assets/images/icons/credit-cards/maestro.png]
[medicare.bold-themes.com/clinic/wp-content/plugins/woocommerce/assets/images/icons/credit-cards/jcb.png]
[medicare.bold-themes.com/clinic/wp-content/plugins/woocommerce/assets/images/icons/credit-cards/amex.png]
[medicare.bold-themes.com/clinic/wp-content/plugins/woocommerce/assets/images/icons/credit-cards/discover.png]
[medicare.bold-themes.com/clinic/wp-content/themes/medicare/style4d2c.css]
[medicare.bold-themes.com/clinic/wp-content/themes/medicare/print4d2c.css]
[medicare.bold-themes.com/clinic/wp-content/themes/medicare/magnific-popup4d2c.css]
[fonts.googleapis.com/css356f.css]
[medicare.bold-themes.com/clinic/wp-content/plugins/contact-form-7/includes/js/jquery-ui/themes/smoothness/images/ui-bg_flat_75_ffffff_40x100.png]
[medicare.bold-themes.com/clinic/wp-content/plugins/contact-form-7/includes/js/jquery-ui/themes/smoothness/images/ui-bg_highlight-soft_75_cccccc_1x100.png]
[medicare.bold-themes.com/clinic/wp-content/plugins/contact-form-7/includes/js/jquery-ui/themes/smoothness/images/ui-bg_glass_75_e6e6e6_1x400.png]
[medicare.bold-themes.com/clinic/wp-content/plugins/contact-form-7/includes/js/jquery-ui/themes/smoothness/images/ui-bg_glass_75_dadada_1x400.png]
[medicare.bold-themes.com/clinic/wp-content/plugins/contact-form-7/includes/js/jquery-ui/themes/smoothness/images/ui-bg_glass_65_ffffff_1x400.png]
[medicare.bold-themes.com/clinic/wp-content/plugins/contact-form-7/includes/js/jquery-ui/themes/smoothness/images/ui-bg_glass_55_fbf9ee_1x400.png]
[medicare.bold-themes.com/clinic/wp-content/plugins/contact-form-7/includes/js/jquery-ui/themes/smoothness/images/ui-bg_glass_95_fef1ec_1x400.png]
[medicare.bold-themes.com/clinic/wp-content/plugins/contact-form-7/includes/js/jquery-ui/themes/smoothness/images/ui-icons_222222_256x240.png]
[medicare.bold-themes.com/clinic/wp-content/plugins/contact-form-7/includes/js/jquery-ui/themes/smoothness/images/ui-icons_888888_256x240.png]
[medicare.bold-themes.com/clinic/wp-content/plugins/contact-form-7/includes/js/jquery-ui/themes/smoothness/images/ui-icons_454545_256x240.png]
[medicare.bold-themes.com/clinic/wp-content/plugins/contact-form-7/includes/js/jquery-ui/themes/smoothness/images/ui-icons_2e83ff_256x240.png]
[medicare.bold-themes.com/clinic/wp-content/plugins/contact-form-7/includes/js/jquery-ui/themes/smoothness/images/ui-icons_cd0a0a_256x240.png]
[medicare.bold-themes.com/clinic/wp-content/plugins/contact-form-7/includes/js/jquery-ui/themes/smoothness/jquery-ui.mine899.css]
[medicare.bold-themes.com/clinic/wp-includes/js/jquery/jquery4a5f.js]
[medicare.bold-themes.com/clinic/wp-includes/js/jquery/jquery-migrate.min330a.js]
[medicare.bold-themes.com/clinic/wp-content/plugins/cleantalk-spam-protect/js/apbct-public.min8ad1.js]
[medicare.bold-themes.com/clinic/wp-content/plugins/contact-form-7/includes/js/jquery-ui/themes/smoothness/images/ui-bg_flat_0_aaaaaa_40x100.png]
[medicare.bold-themes.com/clinic/wp-content/plugins/cleantalk-spam-protect/js/cleantalk_nocache.min8ad1.js]
[medicare.bold-themes.com/clinic/wp-content/plugins/bold-page-builder/script_fe4d2c.js]
[medicare.bold-themes.com/clinic/wp-content/plugins/bt_cost_calculator/jquery.dd4d2c.js]
[medicare.bold-themes.com/clinic/wp-content/plugins/bt_cost_calculator/cc.main4d2c.js]
[medicare.bold-themes.com/clinic/wp-content/plugins/medicare/bt_elements4d2c.js]
[medicare.bold-themes.com/clinic/wp-content/plugins/duracelltomi-google-tag-manager/js/gtm4wp-form-move-tracker73b9.js]
[medicare.bold-themes.com/clinic/wp-content/themes/medicare/js/slick.min4d2c.js]
[medicare.bold-themes.com/clinic/wp-content/themes/medicare/js/jquery.magnific-popup.min4d2c.js]
[medicare.bold-themes.com/clinic/wp-content/themes/medicare/js/iscroll4d2c.js]
[medicare.bold-themes.com/clinic/wp-content/themes/medicare/js/fancySelect4d2c.js]
[medicare.bold-themes.com/clinic/wp-content/themes/medicare/js/html5shiv.min4d2c.js]
[medicare.bold-themes.com/clinic/wp-content/themes/medicare/js/respond.min4d2c.js]
[medicare.bold-themes.com/clinic/wp-content/themes/medicare/js/misc4d2c.js]
[medicare.bold-themes.com/clinic/wp-content/themes/medicare/js/header.misc4d2c.js]
[medicare.bold-themes.com/clinic/wp-content/themes/medicare/js/dir.hover4d2c.js]
[medicare.bold-themes.com/clinic/wp-content/themes/medicare/js/sliders4d2c.js]
[medicare.bold-themes.com/clinic/index.html]
[medicare.bold-themes.com/wp-content/themes/medicare/index.html]
[medicare.bold-themes.com/clinic/wp-admin/admin-ajax.html]
[www.googletagmanager.com/ns1ca6.html]
[medicare.bold-themes.com/index.html]
[www.facebook.com/boldthemes/index.html]
[twitter.com/manifest.json]
[twitter.com/bold_themes9ed2.html]
[twitter.com/bold_themesd6cc.html]
[twitter.com/bold_themes1f03.html]
[twitter.com/bold_themesbbc9.html]
[twitter.com/bold_themesa35d.html]
[twitter.com/bold_themes7b3f.html]
[twitter.com/bold_themesc423.html]
[twitter.com/bold_themes3322.html]
[twitter.com/bold_themes4bed.html]
[twitter.com/bold_themesa4c9.html]
[twitter.com/bold_themesc69a.html]
[twitter.com/bold_themesad9c.html]
[twitter.com/bold_themese6ac.html]
[twitter.com/bold_themes5720.html]
[twitter.com/bold_themes9ff7.html]
[twitter.com/bold_themese68f.html]
[twitter.com/bold_themes5242.html]
[twitter.com/bold_themes4240.html]
[twitter.com/bold_themes7d5b.html]
[twitter.com/bold_themes64f4.html]
[twitter.com/bold_themesef8e.html]
[twitter.com/bold_themes1ebe.html]
[twitter.com/bold_themesa30c.html]
[twitter.com/bold_themes9bb4.html]
[twitter.com/bold_themescf53.html]
[twitter.com/bold_themesc9e6.html]
[twitter.com/bold_themes21c9.html]
[twitter.com/bold_themes7542.html]
[twitter.com/bold_themesc203.html]
[twitter.com/bold_themes99dc.html]
[twitter.com/bold_themes2bc7.html]
[twitter.com/bold_themescdb1.html]
[twitter.com/bold_themes6bf8.html]
[twitter.com/bold_themes923c.html]
[twitter.com/bold_themes0b5e.html]
[twitter.com/bold_themes2139.html]
[twitter.com/bold_themes08c7.html]
[twitter.com/bold_themes6e27.html]
[twitter.com/bold_themes9e93.html]
[twitter.com/bold_themes880d.html]
[twitter.com/bold_themescc5a.html]
[twitter.com/bold_themes2296.html]
[twitter.com/bold_themes9277.html]
[twitter.com/bold_themesadd9.html]
[twitter.com/bold_themese034.html]
[twitter.com/bold_themes3454.html]
[twitter.com/bold_themes.html]
[twitter.com/bold_themes42d0.html]
[www.pinterest.com/boldthemes/ios-app_/429047995/pinterest/user/boldthemes]
[www.pinterest.com/boldthemes/android-app_/com.pinterest/pinterest/user/boldthemes]
[www.pinterest.com/boldthemes/kohls.onelink.me]
[www.pinterest.com/boldthemes/onelink.f5.delayed]
[www.pinterest.com/boldthemes/index.html]
[medicare.bold-themes.com/clinic/wp-json/oembed/1.0/embed5b06.json]
[www.pinterest.com/boldthemes/com.apple.tv_/index.html]
[medicare.bold-themes.com/clinic/wp-json/oembed/1.0/embed8f96]
[medicare.bold-themes.com/clinic/wp-content/uploads/sites/2/2015/12/hero-3.jpg]
[medicare.bold-themes.com/clinic/sample-page/horizontal-centered-menu/index.html]
[medicare.bold-themes.com/clinic/wp-content/plugins/medicare/bt_parallax4d2c.js]
[medicare.bold-themes.com/clinic/wp-json/oembed/1.0/embedab80.json]
[medicare.bold-themes.com/clinic/sample-page/horizontal-left-menu/horizontal-left-with-hero-image/index.html]
[medicare.bold-themes.com/clinic/wp-json/oembed/1.0/embed67b0]
[medicare.bold-themes.com/clinic/wp-content/uploads/sites/2/2015/12/dark-hero-4.jpg]
[medicare.bold-themes.com/clinic/wp-json/oembed/1.0/embed02f3.json]
[medicare.bold-themes.com/clinic/sample-page/horizontal-left-menu/horizontal-right-with-hero-image/index.html]
[medicare.bold-themes.com/clinic/wp-json/oembed/1.0/embedecca]
[medicare.bold-themes.com/clinic/wp-content/uploads/sites/2/2015/12/dark-hero-1.jpg]
[medicare.bold-themes.com/clinic/wp-json/oembed/1.0/embedaa36.json]
[medicare.bold-themes.com/clinic/sample-page/horizontal-centered-menu/horizontal-centered-menu-with-widgets/index.html]
[medicare.bold-themes.com/clinic/wp-json/oembed/1.0/embed17d2]
[medicare.bold-themes.com/clinic/wp-json/oembed/1.0/embed7e12.json]
[medicare.bold-themes.com/clinic/wp-json/oembed/1.0/embed34ef]
[medicare.bold-themes.com/clinic/wp-content/uploads/sites/2/2015/12/hero-3-320x210.jpg]
[medicare.bold-themes.com/clinic/sample-page/horizontal-left-menu/index.html]
[medicare.bold-themes.com/clinic/wp-json/oembed/1.0/embedd76a.json]
[medicare.bold-themes.com/clinic/sample-page/horizontal-left-menu/horizontal-left-menu-with-widgets/index.html]
[medicare.bold-themes.com/clinic/wp-json/oembed/1.0/embed5aec]
[medicare.bold-themes.com/clinic/wp-json/oembed/1.0/embed5d4c.json]
[medicare.bold-themes.com/clinic/sample-page/horizontal-left-menu/horizontal-left-below-logo/index.html]
[medicare.bold-themes.com/clinic/wp-json/oembed/1.0/embed0e75]
[medicare.bold-themes.com/clinic/wp-json/oembed/1.0/embed566a.json]
[medicare.bold-themes.com/clinic/sample-page/horizontal-left-menu/horizontal-left-below-logo-with-widgets/index.html]
[medicare.bold-themes.com/clinic/wp-json/oembed/1.0/embedac29]
[medicare.bold-themes.com/clinic/wp-json/oembed/1.0/embed764c.json]
[medicare.bold-themes.com/clinic/sample-page/horizontal-right-menu/index.html]
[medicare.bold-themes.com/clinic/wp-json/oembed/1.0/embed2df0]
[medicare.bold-themes.com/clinic/wp-json/oembed/1.0/embed53dc.json]
[medicare.bold-themes.com/clinic/sample-page/horizontal-right-menu-with-widgets/index.html]
[medicare.bold-themes.com/clinic/wp-json/oembed/1.0/embed1321]
[medicare.bold-themes.com/clinic/wp-json/oembed/1.0/embed4f15.json]
[medicare.bold-themes.com/clinic/sample-page/horizontal-right-menu/horizontal-right-below-logo/index.html]
[medicare.bold-themes.com/clinic/wp-json/oembed/1.0/embed1a82]
[medicare.bold-themes.com/clinic/wp-json/oembed/1.0/embed5444.json]
[medicare.bold-themes.com/clinic/sample-page/horizontal-right-menu/horizontal-right-below-logo-with-widgets/index.html]
[medicare.bold-themes.com/clinic/wp-json/oembed/1.0/embed895c]
[medicare.bold-themes.com/clinic/wp-json/oembed/1.0/embed1599.json]
[medicare.bold-themes.com/clinic/wp-json/oembed/1.0/embed9a69]
[medicare.bold-themes.com/clinic/wp-content/uploads/sites/2/2015/12/bgn-grad.png]
[medicare.bold-themes.com/clinic/wp-content/uploads/sites/2/2015/12/background.jpg]
[medicare.bold-themes.com/clinic/wp-content/uploads/sites/2/2015/12/doctor-writing.png]
[medicare.bold-themes.com/clinic/wp-content/uploads/sites/2/2015/12/managing-director-2.jpg]
[medicare.bold-themes.com/clinic/wp-content/uploads/sites/2/2015/12/managing-director-1.jpg]
[medicare.bold-themes.com/clinic/wp-content/uploads/sites/2/2015/12/managing-director-3.jpg]
[medicare.bold-themes.com/clinic/about-us/index.html]
[medicare.bold-themes.com/clinic/wp-json/oembed/1.0/embed614c.json]
[medicare.bold-themes.com/clinic/wp-json/oembed/1.0/embedb437]
[medicare.bold-themes.com/clinic/wp-content/uploads/sites/2/2015/12/pic-team-5.jpg]
[medicare.bold-themes.com/clinic/wp-content/uploads/sites/2/2015/12/pic-team-6.jpg]
[medicare.bold-themes.com/clinic/wp-content/uploads/sites/2/2015/12/pic-team-8.jpg]
[medicare.bold-themes.com/clinic/about-us/team/index.html]
[medicare.bold-themes.com/clinic/wp-content/uploads/sites/2/2015/12/pic-team-7.jpg]
[medicare.bold-themes.com/clinic/wp-json/oembed/1.0/embedf258.json]
[medicare.bold-themes.com/clinic/wp-json/oembed/1.0/embed306a]
[medicare.bold-themes.com/clinic/wp-content/uploads/sites/2/2015/12/kid-1.jpg]
[medicare.bold-themes.com/clinic/wp-content/uploads/sites/2/2015/12/kid-2.jpg]
[medicare.bold-themes.com/clinic/wp-content/uploads/sites/2/2015/12/kid-3.jpg]
[medicare.bold-themes.com/clinic/about-us/doctors-profile/index.html]
[medicare.bold-themes.com/clinic/wp-json/oembed/1.0/embedb05d.json]
[medicare.bold-themes.com/clinic/wp-json/oembed/1.0/embedaed5]
[medicare.bold-themes.com/clinic/wp-content/uploads/sites/2/2015/12/shutterstock_47950441.jpg]
[medicare.bold-themes.com/clinic/wp-content/uploads/sites/2/2015/12/shutterstock_47950441-540x540.jpg]
[medicare.bold-themes.com/clinic/wp-content/uploads/sites/2/2015/12/shutterstock_82676311.jpg]
[medicare.bold-themes.com/clinic/wp-content/uploads/sites/2/2015/12/shutterstock_82676311-540x540.jpg]
[medicare.bold-themes.com/clinic/wp-content/uploads/sites/2/2015/12/shutterstock_114189160.jpg]
[medicare.bold-themes.com/clinic/wp-content/uploads/sites/2/2015/12/shutterstock_114189160-540x540.jpg]
[medicare.bold-themes.com/clinic/wp-content/uploads/sites/2/2015/12/shutterstock_118733071.jpg]
[medicare.bold-themes.com/clinic/wp-content/uploads/sites/2/2015/12/shutterstock_118733071-540x540.jpg]
[medicare.bold-themes.com/clinic/wp-content/uploads/sites/2/2015/12/shutterstock_139204727.jpg]
[medicare.bold-themes.com/clinic/wp-content/uploads/sites/2/2015/12/shutterstock_139204727-540x540.jpg]
[medicare.bold-themes.com/clinic/wp-content/uploads/sites/2/2015/12/shutterstock_139288202.jpg]
[medicare.bold-themes.com/clinic/wp-content/uploads/sites/2/2015/12/shutterstock_139288202-540x540.jpg]
[medicare.bold-themes.com/clinic/wp-content/uploads/sites/2/2015/12/shutterstock_1393269052.jpg]
[medicare.bold-themes.com/clinic/wp-content/uploads/sites/2/2015/12/shutterstock_1393269052-540x540.jpg]
[medicare.bold-themes.com/clinic/wp-content/uploads/sites/2/2015/12/shutterstock_220544206.jpg]
[medicare.bold-themes.com/clinic/wp-content/uploads/sites/2/2015/12/shutterstock_220544206-540x540.jpg]
[medicare.bold-themes.com/clinic/wp-content/uploads/sites/2/2015/12/shutterstock_269925053.jpg]
[medicare.bold-themes.com/clinic/wp-content/uploads/sites/2/2015/12/shutterstock_269925053-540x540.jpg]
[medicare.bold-themes.com/clinic/wp-content/uploads/sites/2/2015/12/pic-team-5-540x540.jpg]
[medicare.bold-themes.com/clinic/wp-content/uploads/sites/2/2015/12/pic-team-7-540x540.jpg]
[medicare.bold-themes.com/clinic/wp-content/uploads/sites/2/2015/12/pic-team-8-540x540.jpg]
[medicare.bold-themes.com/clinic/wp-content/uploads/sites/2/2015/12/pic-team-1-540x540.jpg]
[medicare.bold-themes.com/clinic/wp-content/uploads/sites/2/2015/12/pic-team-2-540x540.jpg]
[medicare.bold-themes.com/clinic/wp-content/uploads/sites/2/2015/12/pic-team-3-540x540.jpg]
[medicare.bold-themes.com/clinic/wp-content/uploads/sites/2/2015/12/pic-team-6-540x540.jpg]
[medicare.bold-themes.com/clinic/wp-content/uploads/sites/2/2015/12/pic-team-4-540x540.jpg]
[medicare.bold-themes.com/clinic/wp-content/plugins/medicare/imagesloaded.pkgd.min4d2c.js]
[medicare.bold-themes.com/clinic/wp-content/plugins/medicare/packery.pkgd.min4d2c.js]
[medicare.bold-themes.com/clinic/wp-content/plugins/medicare/bt_grid_tweak4d2c.js]
[medicare.bold-themes.com/clinic/about-us/galleries/index.html]
[medicare.bold-themes.com/clinic/wp-content/plugins/medicare/bt_grid_gallery4d2c.js]
[medicare.bold-themes.com/clinic/wp-json/oembed/1.0/embed68b9.json]
[medicare.bold-themes.com/clinic/wp-json/oembed/1.0/embed30e5]
[medicare.bold-themes.com/clinic/about-us/working-hours/index.html]
[medicare.bold-themes.com/clinic/wp-json/oembed/1.0/embedae3f.json]
[medicare.bold-themes.com/clinic/wp-json/oembed/1.0/embedef3d]
[medicare.bold-themes.com/clinic/wp-includes/js/underscore.min4511.js]
[medicare.bold-themes.com/clinic/wp-content/plugins/mp-timetable/media/js/mptt-functions.min531b.js]
[medicare.bold-themes.com/clinic/wp-content/plugins/mp-timetable/media/js/events/event.min531b.js]
[medicare.bold-themes.com/clinic/about-us/timetable/index.html]
[medicare.bold-themes.com/clinic/wp-json/oembed/1.0/embed0f1d.json]
[medicare.bold-themes.com/clinic/about-us/appointments/index.html]
[medicare.bold-themes.com/clinic/wp-json/oembed/1.0/embedb2c8]
[medicare.bold-themes.com/clinic/wp-json/oembed/1.0/embed72cf.json]
[medicare.bold-themes.com/clinic/about-us/contact-us/index.html]
[medicare.bold-themes.com/clinic/wp-json/oembed/1.0/embed3eac]
[medicare.bold-themes.com/clinic/wp-json/oembed/1.0/embed6c3b.json]
[medicare.bold-themes.com/clinic/wp-json/oembed/1.0/embedb725]
[medicare.bold-themes.com/clinic/wp-content/uploads/sites/2/2015/12/devojcica-kod-zubara-1200x1200.jpg]
[medicare.bold-themes.com/clinic/wp-content/uploads/sites/2/2015/12/srce-i-stetoskop-1200x1200.jpg]
[medicare.bold-themes.com/clinic/wp-content/uploads/sites/2/2015/12/kiroprakticar-1200x1200.jpg]
[medicare.bold-themes.com/clinic/wp-content/uploads/sites/2/2015/12/shutterstock_118733071-320x213.jpg]
[medicare.bold-themes.com/clinic/wp-content/uploads/sites/2/2015/12/shutterstock_114189160-320x213.jpg]
[medicare.bold-themes.com/clinic/wp-content/uploads/sites/2/2015/12/shutterstock_269925053-320x213.jpg]
[medicare.bold-themes.com/clinic/wp-content/uploads/sites/2/2015/12/shutterstock_139204727-320x214.jpg]
[medicare.bold-themes.com/clinic/pages/services/index.html]
[medicare.bold-themes.com/clinic/wp-json/oembed/1.0/embedb63b.json]
[medicare.bold-themes.com/clinic/wp-json/oembed/1.0/embedb5f0]
[medicare.bold-themes.com/clinic/wp-content/uploads/sites/2/2015/12/doctors.jpg]
[medicare.bold-themes.com/clinic/pages/departments/index.html]
[medicare.bold-themes.com/clinic/wp-content/uploads/sites/2/2015/12/shutterstock_69687937.jpg]
[medicare.bold-themes.com/clinic/wp-json/oembed/1.0/embed4d2d.json]
[medicare.bold-themes.com/clinic/wp-content/uploads/sites/2/2015/12/background-blur-pale.jpg]
[medicare.bold-themes.com/clinic/wp-json/oembed/1.0/embed6e15]
[medicare.bold-themes.com/clinic/pages/procedures/index.html]
[medicare.bold-themes.com/clinic/wp-json/oembed/1.0/embed6b7a.json]
[medicare.bold-themes.com/clinic/wp-json/oembed/1.0/embed658b]
[medicare.bold-themes.com/clinic/wp-content/uploads/sites/2/2018/03/cosmetic-surgery-blog-20.jpg]
[medicare.bold-themes.com/clinic/wp-content/uploads/sites/2/2018/03/cosmetic-surgery-blog-20-2.jpg]
[medicare.bold-themes.com/clinic/wp-content/themes/medicare/bold-page-builder/content_elements_misc/css/bt_bb_progress_bar_advanced4d2c.css]
[medicare.bold-themes.com/clinic/wp-content/themes/medicare/bold-page-builder/content_elements_misc/js/jquery.twentytwenty4d2c.js]
[medicare.bold-themes.com/clinic/wp-content/themes/medicare/bold-page-builder/content_elements_misc/js/jquery.event.move4d2c.js]
[medicare.bold-themes.com/clinic/wp-content/themes/medicare/bold-page-builder/content_elements_misc/js/imagesloaded.pkgd.min4d2c.js]
[medicare.bold-themes.com/clinic/wp-content/themes/medicare/bold-page-builder/content_elements/bt_bb_progress_bar_advanced/bb_progressbar_advanced4d2c.js]
[medicare.bold-themes.com/clinic/about-us/before-after/index.html]
[medicare.bold-themes.com/clinic/wp-content/themes/medicare/bold-page-builder/content_elements_misc/js/bt_bb_progress_bar_advanced4d2c.js]
[medicare.bold-themes.com/clinic/wp-json/oembed/1.0/embedad14.json]
[medicare.bold-themes.com/clinic/wp-json/oembed/1.0/embed5830]
[medicare.bold-themes.com/clinic/wp-includes/js/jquery/ui/mouse.mine899.js]
